Archive member included because of file (symbol)

c:/program files (x86)/atmel/studio/7.0/toolchain/avr32/avr32-gnu-toolchain/bin/../lib/gcc/avr32/4.4.7/../../../../avr32/lib/ucr2\libc.a(lib_a-malloc.o)
                              src/kernel/rosa_semaphore.o (free)
c:/program files (x86)/atmel/studio/7.0/toolchain/avr32/avr32-gnu-toolchain/bin/../lib/gcc/avr32/4.4.7/../../../../avr32/lib/ucr2\libc.a(lib_a-mallocr.o)
                              c:/program files (x86)/atmel/studio/7.0/toolchain/avr32/avr32-gnu-toolchain/bin/../lib/gcc/avr32/4.4.7/../../../../avr32/lib/ucr2\libc.a(lib_a-malloc.o) (_malloc_r)
c:/program files (x86)/atmel/studio/7.0/toolchain/avr32/avr32-gnu-toolchain/bin/../lib/gcc/avr32/4.4.7/../../../../avr32/lib/ucr2\libc.a(lib_a-mlock.o)
                              c:/program files (x86)/atmel/studio/7.0/toolchain/avr32/avr32-gnu-toolchain/bin/../lib/gcc/avr32/4.4.7/../../../../avr32/lib/ucr2\libc.a(lib_a-mallocr.o) (__malloc_lock)
c:/program files (x86)/atmel/studio/7.0/toolchain/avr32/avr32-gnu-toolchain/bin/../lib/gcc/avr32/4.4.7/../../../../avr32/lib/ucr2\libc.a(lib_a-sbrkr.o)
                              c:/program files (x86)/atmel/studio/7.0/toolchain/avr32/avr32-gnu-toolchain/bin/../lib/gcc/avr32/4.4.7/../../../../avr32/lib/ucr2\libc.a(lib_a-mallocr.o) (_sbrk_r)
c:/program files (x86)/atmel/studio/7.0/toolchain/avr32/avr32-gnu-toolchain/bin/../lib/gcc/avr32/4.4.7/../../../../avr32/lib/ucr2\libc.a(lib_a-syscalls.o)
                              c:/program files (x86)/atmel/studio/7.0/toolchain/avr32/avr32-gnu-toolchain/bin/../lib/gcc/avr32/4.4.7/../../../../avr32/lib/ucr2\libc.a(lib_a-sbrkr.o) (_sbrk)
c:/program files (x86)/atmel/studio/7.0/toolchain/avr32/avr32-gnu-toolchain/bin/../lib/gcc/avr32/4.4.7/../../../../avr32/lib/ucr2\libc.a(lib_a-errno.o)
                              c:/program files (x86)/atmel/studio/7.0/toolchain/avr32/avr32-gnu-toolchain/bin/../lib/gcc/avr32/4.4.7/../../../../avr32/lib/ucr2\libc.a(lib_a-syscalls.o) (__errno)
c:/program files (x86)/atmel/studio/7.0/toolchain/avr32/avr32-gnu-toolchain/bin/../lib/gcc/avr32/4.4.7/../../../../avr32/lib/ucr2\libc.a(lib_a-freer.o)
                              c:/program files (x86)/atmel/studio/7.0/toolchain/avr32/avr32-gnu-toolchain/bin/../lib/gcc/avr32/4.4.7/../../../../avr32/lib/ucr2\libc.a(lib_a-malloc.o) (_free_r)
c:/program files (x86)/atmel/studio/7.0/toolchain/avr32/avr32-gnu-toolchain/bin/../lib/gcc/avr32/4.4.7/../../../../avr32/lib/ucr2\libc.a(lib_a-impure.o)
                              c:/program files (x86)/atmel/studio/7.0/toolchain/avr32/avr32-gnu-toolchain/bin/../lib/gcc/avr32/4.4.7/../../../../avr32/lib/ucr2\libc.a(lib_a-malloc.o) (_impure_ptr)
c:/program files (x86)/atmel/studio/7.0/toolchain/avr32/avr32-gnu-toolchain/bin/../lib/gcc/avr32/4.4.7/../../../../avr32/lib/ucr2\libc.a(lib_a-reent.o)
                              c:/program files (x86)/atmel/studio/7.0/toolchain/avr32/avr32-gnu-toolchain/bin/../lib/gcc/avr32/4.4.7/../../../../avr32/lib/ucr2\libc.a(lib_a-sbrkr.o) (errno)
c:/program files (x86)/atmel/studio/7.0/toolchain/avr32/avr32-gnu-toolchain/bin/../lib/gcc/avr32/4.4.7/../../../../avr32/lib/ucr2\libc.a(lib_a-findfp.o)
                              c:/program files (x86)/atmel/studio/7.0/toolchain/avr32/avr32-gnu-toolchain/bin/../lib/gcc/avr32/4.4.7/../../../../avr32/lib/ucr2\libc.a(lib_a-impure.o) (__sf_fake_stdin)
c:/program files (x86)/atmel/studio/7.0/toolchain/avr32/avr32-gnu-toolchain/bin/../lib/gcc/avr32/4.4.7/../../../../avr32/lib/ucr2\libc.a(lib_a-fwalk.o)
                              c:/program files (x86)/atmel/studio/7.0/toolchain/avr32/avr32-gnu-toolchain/bin/../lib/gcc/avr32/4.4.7/../../../../avr32/lib/ucr2\libc.a(lib_a-findfp.o) (_fwalk)
c:/program files (x86)/atmel/studio/7.0/toolchain/avr32/avr32-gnu-toolchain/bin/../lib/gcc/avr32/4.4.7/../../../../avr32/lib/ucr2\libc.a(lib_a-memset.o)
                              c:/program files (x86)/atmel/studio/7.0/toolchain/avr32/avr32-gnu-toolchain/bin/../lib/gcc/avr32/4.4.7/../../../../avr32/lib/ucr2\libc.a(lib_a-findfp.o) (memset)
c:/program files (x86)/atmel/studio/7.0/toolchain/avr32/avr32-gnu-toolchain/bin/../lib/gcc/avr32/4.4.7/../../../../avr32/lib/ucr2\libc.a(lib_a-stdio.o)
                              c:/program files (x86)/atmel/studio/7.0/toolchain/avr32/avr32-gnu-toolchain/bin/../lib/gcc/avr32/4.4.7/../../../../avr32/lib/ucr2\libc.a(lib_a-findfp.o) (__sclose)
c:/program files (x86)/atmel/studio/7.0/toolchain/avr32/avr32-gnu-toolchain/bin/../lib/gcc/avr32/4.4.7/../../../../avr32/lib/ucr2\libc.a(lib_a-writer.o)
                              c:/program files (x86)/atmel/studio/7.0/toolchain/avr32/avr32-gnu-toolchain/bin/../lib/gcc/avr32/4.4.7/../../../../avr32/lib/ucr2\libc.a(lib_a-stdio.o) (_write_r)
c:/program files (x86)/atmel/studio/7.0/toolchain/avr32/avr32-gnu-toolchain/bin/../lib/gcc/avr32/4.4.7/../../../../avr32/lib/ucr2\libc.a(lib_a-closer.o)
[...]
Memory Configuration

Name             Origin             Length             Attributes
FLASH            0x80000000         0x00080000         axrl !w
INTRAM           0x00000004         0x0000fffc         axw !rl
USERPAGE         0x80800000         0x00000200
*default*        0x00000000         0xffffffff

Linker script and memory map

                0x00001000                _stack_size = 0x1000
LOAD src/kernel/helper.o
LOAD src/kernel/rosa_clk.o
LOAD src/kernel/rosa_semaphore.o
LOAD src/main.o
LOAD src/kernel/rosa_int.o
LOAD src/kernel/rosa_int_asm.o
LOAD src/kernel/rosa_ker.o
LOAD src/kernel/rosa_ker_asm.o
LOAD src/kernel/rosa_scheduler.o
LOAD src/kernel/rosa_tim.o
START GROUP
END GROUP
LOAD ../src/drivers/button.o
LOAD ../src/drivers/delay.o
LOAD ../src/drivers/gpio.o
LOAD ../src/drivers/led.o
LOAD ../src/drivers/pot.o
LOAD ../src/drivers/usart.o
LOAD ../src/kernel/rosa_tim_asm.o
LOAD ../src/cpu/startup/crt0.o
LOAD c:/program files (x86)/atmel/studio/7.0/toolchain/avr32/avr32-gnu-toolchain/bin/../lib/gcc/avr32/4.4.7/ucr2\libgcc.a
LOAD c:/program files (x86)/atmel/studio/7.0/toolchain/avr32/avr32-gnu-toolchain/bin/../lib/gcc/avr32/4.4.7/../../../../avr32/lib/ucr2\libc.a
LOAD c:/program files (x86)/atmel/studio/7.0/toolchain/avr32/avr32-gnu-toolchain/bin/../lib/gcc/avr32/4.4.7/ucr2\libgcc.a
                0xffffffff                __max_heap_size__ = 0xffffffff
                [0xffffffff]                __heap_size__ = DEFINED (__heap_size__)?__heap_size__:__max_heap_size__
                [0x00001000]                __stack_size__ = DEFINED (__stack_size__)?__stack_size__:0x1000
                [0x00001000]                __appstack_size__ = DEFINED (__appstack_size__)?__appstack_size__:0x1000
                0x80000000                PROVIDE (__executable_start, 0x80000000)
                0x80000000                . = 0x80000000

.interp
 *(.interp)

.reset          0x80000000        0x8
 *(.reset)
 .reset         0x80000000        0x8 ../src/cpu/startup/crt0.o
                0x80000000                _start

.hash
 *(.hash)

.dynsym
 *(.dynsym)

.dynstr
 *(.dynstr)

.gnu.version
 *(.gnu.version)

.gnu.version_d
 *(.gnu.version_d)

.gnu.version_r
 *(.gnu.version_r)

.rel.init
 *(.rel.init)

.rela.init
 *(.rela.init)

.rel.text
 *(.rel.text .rel.text.* .rel.gnu.linkonce.t.*)

.rela.text
 *(.rela.text .rela.text.* .rela.gnu.linkonce.t.*)

.rel.fini
 *(.rel.fini)

.rela.fini
 *(.rela.fini)

.rel.rodata
 *(.rel.rodata .rel.rodata.* .rel.gnu.linkonce.r.*)

.rela.rodata
 *(.rela.rodata .rela.rodata.* .rela.gnu.linkonce.r.*)

.rel.data.rel.ro
 *(.rel.data.rel.ro*)

.rela.data.rel.ro
 *(.rel.data.rel.ro*)

.rel.data
 *(.rel.data .rel.data.* .rel.gnu.linkonce.d.*)

.rela.data
 *(.rela.data .rela.data.* .rela.gnu.linkonce.d.*)

.rel.tdata
 *(.rel.tdata .rel.tdata.* .rel.gnu.linkonce.td.*)

.rela.tdata
 *(.rela.tdata .rela.tdata.* .rela.gnu.linkonce.td.*)

.rel.tbss
 *(.rel.tbss .rel.tbss.* .rel.gnu.linkonce.tb.*)

.rela.tbss
 *(.rela.tbss .rela.tbss.* .rela.gnu.linkonce.tb.*)

.rel.ctors
 *(.rel.ctors)

.rela.ctors
 *(.rela.ctors)

.rel.dtors
 *(.rel.dtors)

.rela.dtors
 *(.rela.dtors)

.rel.got
 *(.rel.got)

.rela.got       0x80000008        0x0
 *(.rela.got)
 .rela.got      0x80000008        0x0 c:/program files (x86)/atmel/studio/7.0/toolchain/avr32/avr32-gnu-toolchain/bin/../lib/gcc/avr32/4.4.7/../../../../avr32/lib/ucr2\libc.a(lib_a-mallocr.o)

.rel.bss
 *(.rel.bss .rel.bss.* .rel.gnu.linkonce.b.*)

.rela.bss
 *(.rela.bss .rela.bss.* .rela.gnu.linkonce.b.*)

.rel.plt
 *(.rel.plt)

.rela.plt
 *(.rela.plt)

.init
 *(.init)

.plt
 *(.plt)

.text           0x80000008      0xee0
 *(.text .stub .text.* .gnu.linkonce.t.*)
 .text.insertTaskIntoListByCurrentPriority
                0x80000008       0xd0 src/kernel/helper.o
                0x80000008                insertTaskIntoListByCurrentPriority
 .text.removeTaskFromList
                0x800000d8       0x98 src/kernel/helper.o
                0x800000d8                removeTaskFromList
 .text          0x80000170       0x24 src/main.o
 .text.task_a   0x80000194       0x2c src/main.o
                0x80000194                task_a
 .text.task_b   0x800001c0       0x2c src/main.o
                0x800001c0                task_b
 .text.task_c   0x800001ec       0x28 src/main.o
                0x800001ec                task_c
 .text.main     0x80000214      0x110 src/main.o
                0x80000214                main
 .text.ROSA_yieldFromISRNew
                0x80000324       0x24 src/kernel/rosa_int.o
                0x80000324                ROSA_yieldFromISRNew
 .text          0x80000348        0xc src/kernel/rosa_ker.o
 .text.ROSA_init
                0x80000354       0x84 src/kernel/rosa_ker.o
                0x80000354                ROSA_init
 .text.ROSA_TaskCreate
                0x800003d8       0xe4 src/kernel/rosa_ker.o
                0x800003d8                ROSA_TaskCreate
 .text.ROSA_tcbInstallTask
                0x800004bc       0x24 src/kernel/rosa_ker.o
                0x800004bc                ROSA_tcbInstallTask
 .text          0x800004e0       0xe8 src/kernel/rosa_ker_asm.o
                0x800004e0                ROSA_start
                0x8000051a                contextInit
                0x800005a6                ROSA_yield
 .text.preemptive_scheduler
                0x800005c8      0x160 src/kernel/rosa_scheduler.o
                0x800005c8                preemptive_scheduler
 .text          0x80000728       0x10 src/kernel/rosa_tim.o
 .text.timerISR
                0x80000738       0x50 src/kernel/rosa_tim.o
                0x80000738                timerISR
 .text.timerPeriodSet
                0x80000788       0xa8 src/kernel/rosa_tim.o
                0x80000788                timerPeriodSet
 .text.buttonInit
                0x80000830       0x28 ../src/drivers/button.o
                0x80000830                buttonInit
 .text.joystickInit
                0x80000858       0x38 ../src/drivers/button.o
                0x80000858                joystickInit
 .text.delay_ms
                0x80000890       0x34 ../src/drivers/delay.o
                0x80000890                delay_ms
 .text.gpioInit
                0x800008c4       0xa8 ../src/drivers/gpio.o
                0x800008c4                gpioInit
 .text.gpioClear
                0x8000096c       0x50 ../src/drivers/gpio.o
                0x8000096c                gpioClear
 .text.gpioSet  0x800009bc       0x50 ../src/drivers/gpio.o
                0x800009bc                gpioSet
 .text.ledInit  0x80000a0c       0x8c ../src/drivers/led.o
                0x80000a0c                ledInit
 .text.ledOn    0x80000a98       0x20 ../src/drivers/led.o
                0x80000a98                ledOn
 .text.ledOff   0x80000ab8       0x20 ../src/drivers/led.o
                0x80000ab8                ledOff
 .text          0x80000ad8       0x48 ../src/drivers/pot.o
                0x80000ad8                potInit
                0x80000b06                potGetValue
 .text.usartReset
                0x80000b20       0x70 ../src/drivers/usart.o
                0x80000b20                usartReset
 .text.usartSetBaudrate
                0x80000b90       0xfc ../src/drivers/usart.o
                0x80000b90                usartSetBaudrate
 .text.usartInit
                0x80000c8c      0x124 ../src/drivers/usart.o
                0x80000c8c                usartInit
 .text          0x80000db0       0xb8 ../src/kernel/rosa_tim_asm.o
                0x80000db0                timerInit
                0x80000dde                timerStart
                0x80000dde                timerReset
                0x80000dfc                timerStop
                0x80000e0e                timerRCSet
                0x80000e24                timerPrescaleSet
                0x80000e44                timerClearInterrupt
 .text._stext   0x80000e68       0x80 ../src/cpu/startup/crt0.o
                0x80000e68                _stext
 *(.text.*personality*)
 *(.gnu.warning)

.exception      0x80001000      0x400
 .exception     0x80001000      0x400 src/kernel/rosa_int_asm.o
                0x80001000                _evba
                0x80001148                interruptInit
                0x80001166                interruptDisable
                0x8000116a                interruptEnable
                0x8000116e                isInterruptEnabled
                0x8000117e                contextSaveFromISR
                0x800011b8                contextRestoreFromISR

.fini
 *(.fini)
                0x80001400                PROVIDE (__etext, .)
                0x80001400                PROVIDE (_etext, .)
                0x80001400                PROVIDE (etext, .)

.rodata         0x80001400       0x20
 *(.rodata .rodata.* .gnu.linkonce.r.*)
 .rodata.C.0.9379
                0x80001400       0x20 ../src/drivers/led.o

.rodata1
 *(.rodata1)

.eh_frame_hdr
 *(.eh_frame_hdr)

.eh_frame
 *(.eh_frame)

.gcc_except_table
 *(.gcc_except_table)
 *(.gcc_except_table.*)

.lalign         0x80001420        0x0
                0x80001420                . = ALIGN (0x8)
                0x80001420                PROVIDE (_data_lma, .)
                0x00000004                . = ORIGIN (INTRAM)

.dalign         0x00000004        0x4
                0x00000008                . = ALIGN (0x8)
 *fill*         0x00000004        0x4 
                0x00000008                PROVIDE (_data, .)

.eh_frame
 *(.eh_frame)

.gcc_except_table
 *(.gcc_except_table)
 *(.gcc_except_table.*)

.tdata
 *(.tdata .tdata.* .gnu.linkonce.td.*)

.tbss
 *(.tbss .tbss.* .gnu.linkonce.tb.*)
 *(.tcommon)
                0x00000008                PROVIDE (__preinit_array_start, ALIGN (0x4))

.preinit_array
 *(.preinit_array)
                0x00000008                PROVIDE (__preinit_array_end, .)
                0x00000008                PROVIDE (__init_array_start, .)

.init_array
 *(.init_array)
                0x00000008                PROVIDE (__init_array_end, .)
                0x00000008                PROVIDE (__fini_array_start, .)

.fini_array
 *(.fini_array)
                0x00000008                PROVIDE (__fini_array_end, .)

.ctors
 *crtbegin*.o(.ctors)
 *(EXCLUDE_FILE(*crtend*.o) .ctors)
 *(SORT(.ctors.*))
 *(.ctors)

.dtors
 *crtbegin*.o(.dtors)
 *(EXCLUDE_FILE(*crtend*.o) .dtors)
 *(SORT(.dtors.*))
 *(.dtors)

.jcr
 *(.jcr)

.data.rel.ro
 *(.data.rel.ro.local)
 *(.data.rel.ro*)

.dynamic
 *(.dynamic)

.got
 *(.got.plt)
 *(.got)

.ramtext
 *(.ramtext .ramtext.*)

.ddalign        0x00000008        0x0 load address 0x80001420
                0x00000008                . = ALIGN (0x8)

.data           0x00000008        0x8 load address 0x80001420
 *(.data .data.* .gnu.linkonce.d.*)
 .data          0x00000008        0x8 ../src/kernel/rosa_tim_asm.o
                0x00000008                timerRC
                0x0000000c                timerPrescale
 *(.gnu.linkonce.d.*personality*)

.data1
 *(.data1)

.balign         0x00000010        0x0 load address 0x80001428
                0x00000010                . = ALIGN (0x8)
                0x00000010                PROVIDE (_edata, .)
                0x00000010                PROVIDE (edata, .)
                0x00000010                __bss_start = .

.bss            0x00000010      0x478
 *(.dynbss)
 *(.bss .bss.* .gnu.linkonce.b.*)
 .bss           0x00000010      0x454 src/main.o
                0x00000010                S1
 *(COMMON)
 COMMON         0x00000464        0x8 src/kernel/rosa_clk.o
                0x00000464                currentTick
 COMMON         0x0000046c        0xc src/main.o
                0x0000046c                task_b_priority
                0x00000470                task_a_priority
                0x00000474                task_c_priority
 COMMON         0x00000478       0x10 src/kernel/rosa_ker.o
                0x00000478                TCBLIST
                0x0000047c                SEMAPHORES
                0x00000480                EXECTASK
                0x00000484                WAITING
                0x00000488                . = ALIGN (0x8)
                0x00000488                . = ALIGN (0x8)
                0x00000488                _end = .
                0x00000488                PROVIDE (end, .)
                0x00000488                __heap_start__ = ALIGN (0x8)

.heap           0x00000488     0xdb78
 *(.heap)
                0x0000db78                . = (__heap_size__ == __max_heap_size__)?((((ORIGIN (INTRAM) + 0xfffc) - __stack_size__) - __appstack_size__) - ABSOLUTE (.)):__heap_size__
 *fill*         0x00000488     0xdb78 
                0x0000e000                __heap_end__ = .

.stab
 *(.stab)

.stabstr
 *(.stabstr)

.stab.excl
 *(.stab.excl)

.stab.exclstr
 *(.stab.exclstr)

.stab.index
 *(.stab.index)

.stab.indexstr
 *(.stab.indexstr)

.comment        0x00000000       0xbc
 *(.comment)
 .comment       0x00000000       0x30 src/kernel/helper.o
                                 0x31 (size before relaxing)
 .comment       0x00000000       0x31 src/kernel/rosa_clk.o
 .comment       0x00000000       0x31 src/main.o
 .comment       0x00000000       0x31 src/kernel/rosa_int.o
 .comment       0x00000000       0x31 src/kernel/rosa_ker.o
 .comment       0x00000000       0x31 src/kernel/rosa_scheduler.o
 .comment       0x00000000       0x31 src/kernel/rosa_tim.o
 .comment       0x00000030       0x1c ../src/drivers/button.o
 .comment       0x0000004c       0x1c ../src/drivers/delay.o
 .comment       0x00000068       0x1c ../src/drivers/gpio.o
 .comment       0x00000084       0x1c ../src/drivers/led.o
 .comment       0x000000a0       0x1c ../src/drivers/usart.o

.debug
 *(.debug)

.line
 *(.line)

.debug_srcinfo
 *(.debug_srcinfo)

.debug_sfnames
 *(.debug_sfnames)

.debug_aranges  0x00000000      0x2e0
 *(.debug_aranges)
 .debug_aranges
                0x00000000       0x28 src/kernel/helper.o
 .debug_aranges
                0x00000028       0x30 src/kernel/rosa_clk.o
 .debug_aranges
                0x00000058       0x38 src/main.o
 .debug_aranges
                0x00000090       0x28 src/kernel/rosa_int.o
 .debug_aranges
                0x000000b8       0x20 src/kernel/rosa_int_asm.o
 .debug_aranges
                0x000000d8       0x48 src/kernel/rosa_ker.o
 .debug_aranges
                0x00000120       0x20 src/kernel/rosa_ker_asm.o
 .debug_aranges
                0x00000140       0x28 src/kernel/rosa_scheduler.o
 .debug_aranges
                0x00000168       0x28 src/kernel/rosa_tim.o
 .debug_aranges
                0x00000190       0x58 ../src/drivers/button.o
 .debug_aranges
                0x000001e8       0x20 ../src/drivers/delay.o
 .debug_aranges
                0x00000208       0x40 ../src/drivers/gpio.o
 .debug_aranges
                0x00000248       0x38 ../src/drivers/led.o
 .debug_aranges
                0x00000280       0x60 ../src/drivers/usart.o

.debug_pubnames
                0x00000000      0x4bc
 *(.debug_pubnames)
 .debug_pubnames
                0x00000000       0x51 src/kernel/helper.o
 .debug_pubnames
                0x00000051       0x60 src/kernel/rosa_clk.o
 .debug_pubnames
                0x000000b1       0x8f src/main.o
 .debug_pubnames
                0x00000140       0x41 src/kernel/rosa_int.o
 .debug_pubnames
                0x00000181       0xca src/kernel/rosa_ker.o
 .debug_pubnames
                0x0000024b       0x39 src/kernel/rosa_scheduler.o
 .debug_pubnames
                0x00000284       0x32 src/kernel/rosa_tim.o
 .debug_pubnames
                0x000002b6       0xa0 ../src/drivers/button.o
 .debug_pubnames
                0x00000356       0x1f ../src/drivers/delay.o
 .debug_pubnames
                0x00000375       0x54 ../src/drivers/gpio.o
 .debug_pubnames
                0x000003c9       0x41 ../src/drivers/led.o
 .debug_pubnames
                0x0000040a       0xb2 ../src/drivers/usart.o

.debug_info     0x00000000     0x4f3f
 *(.debug_info .gnu.linkonce.wi.*)
 .debug_info    0x00000000      0x283 src/kernel/helper.o
 .debug_info    0x00000283      0x269 src/kernel/rosa_clk.o
 .debug_info    0x000004ec      0x3a9 src/main.o
 .debug_info    0x00000895       0xa8 src/kernel/rosa_int.o
 .debug_info    0x0000093d       0xeb src/kernel/rosa_int_asm.o
 .debug_info    0x00000a28     0x164b src/kernel/rosa_ker.o
 .debug_info    0x00002073       0xeb src/kernel/rosa_ker_asm.o
 .debug_info    0x0000215e      0x252 src/kernel/rosa_scheduler.o
 .debug_info    0x000023b0      0xa98 src/kernel/rosa_tim.o
 .debug_info    0x00002e48      0x114 ../src/drivers/button.o
 .debug_info    0x00002f5c       0x6d ../src/drivers/delay.o
 .debug_info    0x00002fc9      0x531 ../src/drivers/gpio.o
 .debug_info    0x000034fa       0xfb ../src/drivers/led.o
 .debug_info    0x000035f5     0x194a ../src/drivers/usart.o

.debug_abbrev   0x00000000      0xcbb
 *(.debug_abbrev)
 .debug_abbrev  0x00000000      0x10d src/kernel/helper.o
 .debug_abbrev  0x0000010d      0x11e src/kernel/rosa_clk.o
 .debug_abbrev  0x0000022b      0x122 src/main.o
 .debug_abbrev  0x0000034d       0x4c src/kernel/rosa_int.o
 .debug_abbrev  0x00000399       0x14 src/kernel/rosa_int_asm.o
 .debug_abbrev  0x000003ad      0x1ed src/kernel/rosa_ker.o
 .debug_abbrev  0x0000059a       0x14 src/kernel/rosa_ker_asm.o
 .debug_abbrev  0x000005ae       0xec src/kernel/rosa_scheduler.o
 .debug_abbrev  0x0000069a      0x17e src/kernel/rosa_tim.o
 .debug_abbrev  0x00000818       0x89 ../src/drivers/button.o
 .debug_abbrev  0x000008a1       0x5d ../src/drivers/delay.o
 .debug_abbrev  0x000008fe      0x111 ../src/drivers/gpio.o
 .debug_abbrev  0x00000a0f       0xa0 ../src/drivers/led.o
 .debug_abbrev  0x00000aaf      0x20c ../src/drivers/usart.o

.debug_line     0x00000000     0x1f57
 *(.debug_line)
 .debug_line    0x00000000      0x347 src/kernel/helper.o
 .debug_line    0x00000347      0x38f src/kernel/rosa_clk.o
 .debug_line    0x000006d6      0x3c0 src/main.o
 .debug_line    0x00000a96      0x34c src/kernel/rosa_int.o
 .debug_line    0x00000de2       0xc9 src/kernel/rosa_int_asm.o
 .debug_line    0x00000eab      0x451 src/kernel/rosa_ker.o
 .debug_line    0x000012fc       0xac src/kernel/rosa_ker_asm.o
 .debug_line    0x000013a8      0x3ad src/kernel/rosa_scheduler.o
 .debug_line    0x00001755      0x37f src/kernel/rosa_tim.o
 .debug_line    0x00001ad4       0xc9 ../src/drivers/button.o
 .debug_line    0x00001b9d       0x47 ../src/drivers/delay.o
 .debug_line    0x00001be4       0xee ../src/drivers/gpio.o
 .debug_line    0x00001cd2       0x84 ../src/drivers/led.o
 .debug_line    0x00001d56      0x201 ../src/drivers/usart.o

.debug_frame    0x00000000      0x620
 *(.debug_frame)
 .debug_frame   0x00000000       0x48 src/kernel/helper.o
 .debug_frame   0x00000048       0x6c src/kernel/rosa_clk.o
 .debug_frame   0x000000b4       0x8c src/main.o
 .debug_frame   0x00000140       0x48 src/kernel/rosa_int.o
 .debug_frame   0x00000188       0xb8 src/kernel/rosa_ker.o
 .debug_frame   0x00000240       0x54 src/kernel/rosa_scheduler.o
 .debug_frame   0x00000294       0x48 src/kernel/rosa_tim.o
 .debug_frame   0x000002dc       0xf0 ../src/drivers/button.o
 .debug_frame   0x000003cc       0x2c ../src/drivers/delay.o
 .debug_frame   0x000003f8       0x9c ../src/drivers/gpio.o
 .debug_frame   0x00000494       0x80 ../src/drivers/led.o
 .debug_frame   0x00000514      0x10c ../src/drivers/usart.o

.debug_str      0x00000000      0xefb
 *(.debug_str)
 .debug_str     0x00000000      0x227 src/kernel/helper.o
                                0x265 (size before relaxing)
 .debug_str     0x00000227       0x81 src/kernel/rosa_clk.o
                                0x256 (size before relaxing)
 .debug_str     0x000002a8      0x146 src/main.o
                                0x32d (size before relaxing)
 .debug_str     0x000003ee       0x40 src/kernel/rosa_int.o
                                0x17b (size before relaxing)
 .debug_str     0x0000042e      0x4a5 src/kernel/rosa_ker.o
                                0x764 (size before relaxing)
 .debug_str     0x000008d3       0x8a src/kernel/rosa_scheduler.o
                                0x295 (size before relaxing)
 .debug_str     0x0000095d      0x241 src/kernel/rosa_tim.o
                                0x3a0 (size before relaxing)
 .debug_str     0x00000b9e       0xa7 ../src/drivers/button.o
                                 0xc6 (size before relaxing)
 .debug_str     0x00000c45       0x31 ../src/drivers/delay.o
                                 0x74 (size before relaxing)
 .debug_str     0x00000c76      0x16e ../src/drivers/gpio.o
                                0x1c0 (size before relaxing)
 .debug_str     0x00000de4       0x3c ../src/drivers/led.o
                                 0x7f (size before relaxing)
 .debug_str     0x00000e20       0xdb ../src/drivers/usart.o
                                0x6e9 (size before relaxing)

.debug_loc      0x00000000      0x810
 *(.debug_loc)
 .debug_loc     0x00000000       0x56 src/kernel/helper.o
 .debug_loc     0x00000056       0x81 src/kernel/rosa_clk.o
 .debug_loc     0x000000d7       0xac src/main.o
 .debug_loc     0x00000183       0x56 src/kernel/rosa_int.o
 .debug_loc     0x000001d9      0x102 src/kernel/rosa_ker.o
 .debug_loc     0x000002db       0x56 src/kernel/rosa_scheduler.o
 .debug_loc     0x00000331       0x56 src/kernel/rosa_tim.o
 .debug_loc     0x00000387      0x158 ../src/drivers/button.o
 .debug_loc     0x000004df       0x2b ../src/drivers/delay.o
 .debug_loc     0x0000050a       0xd7 ../src/drivers/gpio.o
 .debug_loc     0x000005e1       0xac ../src/drivers/led.o
 .debug_loc     0x0000068d      0x183 ../src/drivers/usart.o

.debug_macinfo  0x00000000   0x60d8b9
 *(.debug_macinfo)
 .debug_macinfo
                0x00000000    0xdd416 src/kernel/helper.o
 .debug_macinfo
                0x000dd416    0xdd49d src/kernel/rosa_clk.o
 .debug_macinfo
                0x001ba8b3    0xdd84e src/main.o
 .debug_macinfo
                0x00298101    0xdd45c src/kernel/rosa_int.o
 .debug_macinfo
                0x0037555d    0xdd934 src/kernel/rosa_ker.o
 .debug_macinfo
                0x00452e91    0xdd588 src/kernel/rosa_scheduler.o
 .debug_macinfo
                0x00530419    0xdd4a0 src/kernel/rosa_tim.o

.debug_weaknames
 *(.debug_weaknames)

.debug_funcnames
 *(.debug_funcnames)

.debug_typenames
 *(.debug_typenames)

.debug_varnames
 *(.debug_varnames)

.appstack       0x0000e000     0x1000
                0x0000e000                _appstack = .
 *(.appstack)
                0x00001000                . = __appstack_size__
 *fill*         0x0000e000     0x1000 
                0x0000f000                _eappstack = .

.stack          0x0000f000     0x1000
                0x0000f000                _stack = .
 *(.stack)
                0x00001000                . = __stack_size__
 *fill*         0x0000f000     0x1000 
                0x00010000                _estack = .

.userpage
 *(.userpage .userpage.*)

/DISCARD/
 *(.note.GNU-stack)
OUTPUT(ROSA.elf elf32-avr32)

.debug_ranges   0x00000000      0x240
 .debug_ranges  0x00000000       0x20 src/kernel/helper.o
 .debug_ranges  0x00000020       0x28 src/kernel/rosa_clk.o
 .debug_ranges  0x00000048       0x30 src/main.o
 .debug_ranges  0x00000078       0x20 src/kernel/rosa_int.o
 .debug_ranges  0x00000098       0x40 src/kernel/rosa_ker.o
 .debug_ranges  0x000000d8       0x20 src/kernel/rosa_scheduler.o
 .debug_ranges  0x000000f8       0x20 src/kernel/rosa_tim.o
 .debug_ranges  0x00000118       0x50 ../src/drivers/button.o
 .debug_ranges  0x00000168       0x18 ../src/drivers/delay.o
 .debug_ranges  0x00000180       0x38 ../src/drivers/gpio.o
 .debug_ranges  0x000001b8       0x30 ../src/drivers/led.o
 .debug_ranges  0x000001e8       0x58 ../src/drivers/usart.o
